2025-04-04 05:07:55.523950 - Received CBT.V508.FILE149.PDS from FILE149.XMI 
2025-04-04 05:07:55.526987 - Found $$$#DATE.txt (text/plain) in CBT.V508.FILE149.PDS, moved to PDS/$$$#DATE
2025-04-04 05:07:55.527167 - Found $$DOC.txt (text/plain) in CBT.V508.FILE149.PDS, moved to PDS/$$DOC
2025-04-04 05:07:55.527340 - Found $ACACTDA.txt (text/plain) in CBT.V508.FILE149.PDS, moved to PDS/$ACACTDA
2025-04-04 05:07:55.527470 - Found $ACACTWK.txt (text/plain) in CBT.V508.FILE149.PDS, moved to PDS/$ACACTWK
2025-04-04 05:07:55.527588 - Found $ACBLDPL.txt (text/plain) in CBT.V508.FILE149.PDS, moved to PDS/$ACBLDPL
2025-04-04 05:07:55.527706 - Found $ACCALL.txt (text/plain) in CBT.V508.FILE149.PDS, moved to PDS/$ACCALL
2025-04-04 05:07:55.527828 - Found $ACDC.txt (text/plain) in CBT.V508.FILE149.PDS, moved to PDS/$ACDC
2025-04-04 05:07:55.528001 - Found $ACENTER.txt (text/plain) in CBT.V508.FILE149.PDS, moved to PDS/$ACENTER
2025-04-04 05:07:55.528117 - Found $ACFSORT.txt (text/plain) in CBT.V508.FILE149.PDS, moved to PDS/$ACFSORT
2025-04-04 05:07:55.528237 - Found $ACFSVC.txt (text/plain) in CBT.V508.FILE149.PDS, moved to PDS/$ACFSVC
2025-04-04 05:07:55.528363 - Found $ACGBLS.txt (text/plain) in CBT.V508.FILE149.PDS, moved to PDS/$ACGBLS
2025-04-04 05:07:55.528480 - Found $ACINERR.txt (text/plain) in CBT.V508.FILE149.PDS, moved to PDS/$ACINERR
2025-04-04 05:07:55.528596 - Found $ACINNER.txt (text/plain) in CBT.V508.FILE149.PDS, moved to PDS/$ACINNER
2025-04-04 05:07:55.528710 - Found $ACINNRB.txt (text/plain) in CBT.V508.FILE149.PDS, moved to PDS/$ACINNRB
2025-04-04 05:07:55.528832 - Found $ACLIDCK.txt (text/plain) in CBT.V508.FILE149.PDS, moved to PDS/$ACLIDCK
2025-04-04 05:07:55.528948 - Found $ACMAP.txt (text/plain) in CBT.V508.FILE149.PDS, moved to PDS/$ACMAP
2025-04-04 05:07:55.529058 - Found $ACMUS.txt (text/plain) in CBT.V508.FILE149.PDS, moved to PDS/$ACMUS
2025-04-04 05:07:55.529169 - Found $ACPRTPM.txt (text/plain) in CBT.V508.FILE149.PDS, moved to PDS/$ACPRTPM
2025-04-04 05:07:55.529295 - Found $ACRET.txt (text/plain) in CBT.V508.FILE149.PDS, moved to PDS/$ACRET
2025-04-04 05:07:55.529440 - Found $ACSUB.txt (text/plain) in CBT.V508.FILE149.PDS, moved to PDS/$ACSUB
2025-04-04 05:07:55.529575 - Found $ACTMP.txt (text/plain) in CBT.V508.FILE149.PDS, moved to PDS/$ACTMP
2025-04-04 05:07:55.529690 - Found $ACTSOPL.txt (text/plain) in CBT.V508.FILE149.PDS, moved to PDS/$ACTSOPL
2025-04-04 05:07:55.529801 - Found $CMSLOAD.txt (text/plain) in CBT.V508.FILE149.PDS, moved to PDS/$CMSLOAD
2025-04-04 05:07:55.529923 - Found $COMPARE.txt (text/plain) in CBT.V508.FILE149.PDS, moved to PDS/$COMPARE
2025-04-04 05:07:55.530034 - Found $ESDXREF.txt (text/plain) in CBT.V508.FILE149.PDS, moved to PDS/$ESDXREF
2025-04-04 05:07:55.530152 - Found $IXTOFMT.txt (text/plain) in CBT.V508.FILE149.PDS, moved to PDS/$IXTOFMT
2025-04-04 05:07:55.530265 - Found $JOIN.txt (text/plain) in CBT.V508.FILE149.PDS, moved to PDS/$JOIN
2025-04-04 05:07:55.530382 - Found $RHEXFMT.txt (text/plain) in CBT.V508.FILE149.PDS, moved to PDS/$RHEXFMT
2025-04-04 05:07:55.530500 - Found $UNIQUE.txt (text/plain) in CBT.V508.FILE149.PDS, moved to PDS/$UNIQUE
2025-04-04 05:07:55.530637 - Found @ACNSWAP.txt (text/plain) in CBT.V508.FILE149.PDS, moved to PDS/@ACNSWAP
2025-04-04 05:07:55.530751 - Found @CNEDFSE.txt (text/plain) in CBT.V508.FILE149.PDS, moved to PDS/@CNEDFSE
2025-04-04 05:07:55.530873 - Found @EAVNP99.txt (text/plain) in CBT.V508.FILE149.PDS, moved to PDS/@EAVNP99
2025-04-04 05:07:55.530989 - Found @FILE149.txt (text/plain) in CBT.V508.FILE149.PDS, moved to PDS/@FILE149
2025-04-04 05:07:55.531113 - Found @IEFU83.txt (text/plain) in CBT.V508.FILE149.PDS, moved to PDS/@IEFU83
2025-04-04 05:07:55.531262 - Found CCNEDFSE.jcl (text/plain) in CBT.V508.FILE149.PDS, moved to PDS/CCNEDFSE
2025-04-04 05:07:55.531380 - Found CCNEDFSH.jcl (text/plain) in CBT.V508.FILE149.PDS, moved to PDS/CCNEDFSH
2025-04-04 05:07:55.531491 - Found CMSLOAD.jcl (text/plain) in CBT.V508.FILE149.PDS, moved to PDS/CMSLOAD
2025-04-04 05:07:55.531613 - Found COMPARE.jcl (text/plain) in CBT.V508.FILE149.PDS, moved to PDS/COMPARE
2025-04-04 05:07:55.531740 - Found COMPLOA$.jcl (text/plain) in CBT.V508.FILE149.PDS, moved to PDS/COMPLOA$
2025-04-04 05:07:55.531868 - Found COMPLOAD.txt (text/plain) in CBT.V508.FILE149.PDS, moved to PDS/COMPLOAD
2025-04-04 05:07:55.531981 - Found DUMPINFO.jcl (text/plain) in CBT.V508.FILE149.PDS, moved to PDS/DUMPINFO
2025-04-04 05:07:55.532110 - Found ENQ.jcl (text/plain) in CBT.V508.FILE149.PDS, moved to PDS/ENQ
2025-04-04 05:07:55.532248 - Found ESDXREF.jcl (text/plain) in CBT.V508.FILE149.PDS, moved to PDS/ESDXREF
2025-04-04 05:07:55.532359 - Found IEAVNP99.jcl (text/plain) in CBT.V508.FILE149.PDS, moved to PDS/IEAVNP99
2025-04-04 05:07:55.532479 - Found IEFU83.jcl (text/plain) in CBT.V508.FILE149.PDS, moved to PDS/IEFU83
2025-04-04 05:07:55.532640 - Found IXTOFMT5.jcl (text/plain) in CBT.V508.FILE149.PDS, moved to PDS/IXTOFMT5
2025-04-04 05:07:55.532779 - Found JOIN.jcl (text/plain) in CBT.V508.FILE149.PDS, moved to PDS/JOIN
2025-04-04 05:07:55.532939 - Found LISTGRP.jcl (text/plain) in CBT.V508.FILE149.PDS, moved to PDS/LISTGRP
2025-04-04 05:07:55.533063 - Found LISTSPC.jcl (text/plain) in CBT.V508.FILE149.PDS, moved to PDS/LISTSPC
2025-04-04 05:07:55.533193 - Found MOVEZAP.jcl (text/plain) in CBT.V508.FILE149.PDS, moved to PDS/MOVEZAP
2025-04-04 05:07:55.533307 - Found OACACTDA.txt (text/plain) in CBT.V508.FILE149.PDS, moved to PDS/OACACTDA
2025-04-04 05:07:55.533415 - Found OACACTW@.txt (text/plain) in CBT.V508.FILE149.PDS, moved to PDS/OACACTW@
2025-04-04 05:07:55.533520 - Found OACACTWK.txt (text/plain) in CBT.V508.FILE149.PDS, moved to PDS/OACACTWK
2025-04-04 05:07:55.533628 - Found OACBLDPL.txt (text/plain) in CBT.V508.FILE149.PDS, moved to PDS/OACBLDPL
2025-04-04 05:07:55.533735 - Found OACCALL.txt (text/plain) in CBT.V508.FILE149.PDS, moved to PDS/OACCALL
2025-04-04 05:07:55.533846 - Found OACDC.txt (text/plain) in CBT.V508.FILE149.PDS, moved to PDS/OACDC
2025-04-04 05:07:55.533965 - Found OACDROP.txt (text/plain) in CBT.V508.FILE149.PDS, moved to PDS/OACDROP
2025-04-04 05:07:55.534126 - Found OACENTER.txt (text/plain) in CBT.V508.FILE149.PDS, moved to PDS/OACENTER
2025-04-04 05:07:55.534234 - Found OACFSORT.txt (text/plain) in CBT.V508.FILE149.PDS, moved to PDS/OACFSORT
2025-04-04 05:07:55.534345 - Found OACFSVC.txt (text/plain) in CBT.V508.FILE149.PDS, moved to PDS/OACFSVC
2025-04-04 05:07:55.534485 - Found OACFS0RT.jcl (text/plain) in CBT.V508.FILE149.PDS, moved to PDS/OACFS0RT
2025-04-04 05:07:55.534757 - Found OACGBLS.txt (text/plain) in CBT.V508.FILE149.PDS, moved to PDS/OACGBLS
2025-04-04 05:07:55.534864 - Found OACINERR.txt (text/plain) in CBT.V508.FILE149.PDS, moved to PDS/OACINERR
2025-04-04 05:07:55.534998 - Found OACINNE@.txt (text/plain) in CBT.V508.FILE149.PDS, moved to PDS/OACINNE@
2025-04-04 05:07:55.535125 - Found OACINNER.txt (text/plain) in CBT.V508.FILE149.PDS, moved to PDS/OACINNER
2025-04-04 05:07:55.535234 - Found OACINNRB.txt (text/plain) in CBT.V508.FILE149.PDS, moved to PDS/OACINNRB
2025-04-04 05:07:55.535357 - Found OACINUSE.txt (text/plain) in CBT.V508.FILE149.PDS, moved to PDS/OACINUSE
2025-04-04 05:07:55.535462 - Found OACJSUVT.txt (text/plain) in CBT.V508.FILE149.PDS, moved to PDS/OACJSUVT
2025-04-04 05:07:55.535583 - Found OACMAP.txt (text/plain) in CBT.V508.FILE149.PDS, moved to PDS/OACMAP
2025-04-04 05:07:55.535736 - Found OACMOVE.jcl (text/plain) in CBT.V508.FILE149.PDS, moved to PDS/OACMOVE
2025-04-04 05:07:55.535844 - Found OACMUS.txt (text/plain) in CBT.V508.FILE149.PDS, moved to PDS/OACMUS
2025-04-04 05:07:55.536001 - Found OACNSWAP.jcl (text/plain) in CBT.V508.FILE149.PDS, moved to PDS/OACNSWAP
2025-04-04 05:07:55.536110 - Found OACPRTPM.txt (text/plain) in CBT.V508.FILE149.PDS, moved to PDS/OACPRTPM
2025-04-04 05:07:55.536218 - Found OACREGS.txt (text/plain) in CBT.V508.FILE149.PDS, moved to PDS/OACREGS
2025-04-04 05:07:55.536327 - Found OACRET.txt (text/plain) in CBT.V508.FILE149.PDS, moved to PDS/OACRET
2025-04-04 05:07:55.536448 - Found OACSUB.txt (text/plain) in CBT.V508.FILE149.PDS, moved to PDS/OACSUB
2025-04-04 05:07:55.536613 - Found OACTMP.txt (text/plain) in CBT.V508.FILE149.PDS, moved to PDS/OACTMP
2025-04-04 05:07:55.536737 - Found OACTSOPL.txt (text/plain) in CBT.V508.FILE149.PDS, moved to PDS/OACTSOPL
2025-04-04 05:07:55.536847 - Found OACUSING.txt (text/plain) in CBT.V508.FILE149.PDS, moved to PDS/OACUSING
2025-04-04 05:07:55.536954 - Found OACUVT.txt (text/plain) in CBT.V508.FILE149.PDS, moved to PDS/OACUVT
2025-04-04 05:07:55.537079 - Found OACVTOC.txt (text/plain) in CBT.V508.FILE149.PDS, moved to PDS/OACVTOC
2025-04-04 05:07:55.537241 - Found OLDENTER.txt (text/plain) in CBT.V508.FILE149.PDS, moved to PDS/OLDENTER
2025-04-04 05:07:55.537352 - Found OLDMUS.txt (text/plain) in CBT.V508.FILE149.PDS, moved to PDS/OLDMUS
2025-04-04 05:07:55.537460 - Found PTFXREF.jcl (text/plain) in CBT.V508.FILE149.PDS, moved to PDS/PTFXREF
2025-04-04 05:07:55.537590 - Found SALVAGE.jcl (text/plain) in CBT.V508.FILE149.PDS, moved to PDS/SALVAGE
2025-04-04 05:07:55.537742 - Found SMPULCMP.jcl (text/plain) in CBT.V508.FILE149.PDS, moved to PDS/SMPULCMP
2025-04-04 05:07:55.537850 - Found TAPEMAP.txt (text/plain) in CBT.V508.FILE149.PDS, moved to PDS/TAPEMAP
2025-04-04 05:07:55.537970 - Found UNIQUE.jcl (text/plain) in CBT.V508.FILE149.PDS, moved to PDS/UNIQUE
2025-04-04 05:07:55.538087 - Found URHEXFMT.txt (text/plain) in CBT.V508.FILE149.PDS, moved to PDS/URHEXFMT
2025-04-04 05:07:55.538210 - Found USERS.jcl (text/plain) in CBT.V508.FILE149.PDS, moved to PDS/USERS
2025-04-04 05:07:55.538363 - Found VTOCLIST.jcl (text/plain) in CBT.V508.FILE149.PDS, moved to PDS/VTOCLIST
